2026-05-22 22:33:09 [main] INFO  traceId= spanId= c.g.j.s.GenAiJavaSpringApplication - Starting GenAiJavaSpringApplication using Java 25.0.1 with PID 13644 (C:\Users\shams\Downloads\Spring AI\Gen-AI Spring AI\gen-ai-java-spring\target\classes started by shams in C:\Users\shams\Downloads\Spring AI\Gen-AI Spring AI\gen-ai-java-spring)
2026-05-22 22:33:09 [main] INFO  traceId= spanId= c.g.j.s.GenAiJavaSpringApplication - No active profile set, falling back to 1 default profile: "default"
2026-05-22 22:33:10 [main] INFO  traceId= spanId= o.s.b.w.e.tomcat.TomcatWebServer - Tomcat initialized with port 8081 (http)
2026-05-22 22:33:10 [main] INFO  traceId= spanId= o.a.coyote.http11.Http11NioProtocol - Initializing ProtocolHandler ["http-nio-8081"]
2026-05-22 22:33:10 [main] INFO  traceId= spanId= o.a.catalina.core.StandardService - Starting service [Tomcat]
2026-05-22 22:33:10 [main] INFO  traceId= spanId= o.a.catalina.core.StandardEngine - Starting Servlet engine: [Apache Tomcat/10.1.54]
2026-05-22 22:33:10 [main] INFO  traceId= spanId= o.a.c.c.C.[Tomcat].[localhost].[/] - Initializing Spring embedded WebApplicationContext
2026-05-22 22:33:10 [main] INFO  traceId= spanId= o.s.b.w.s.c.ServletWebServerApplicationContext - Root WebApplicationContext: initialization completed in 1212 ms
2026-05-22 22:33:12 [main] INFO  traceId= spanId= o.a.coyote.http11.Http11NioProtocol - Starting ProtocolHandler ["http-nio-8081"]
2026-05-22 22:33:12 [main] INFO  traceId= spanId= o.s.b.w.e.tomcat.TomcatWebServer - Tomcat started on port 8081 (http) with context path '/'
2026-05-22 22:33:12 [main] INFO  traceId= spanId= c.g.j.s.GenAiJavaSpringApplication - Started GenAiJavaSpringApplication in 3.279 seconds (process running for 4.643)
2026-05-22 22:33:23 [SpringApplicationShutdownHook] INFO  traceId= spanId= o.s.b.w.e.tomcat.GracefulShutdown - Commencing graceful shutdown. Waiting for active requests to complete
2026-05-22 22:33:23 [tomcat-shutdown] INFO  traceId= spanId= o.s.b.w.e.tomcat.GracefulShutdown - Graceful shutdown complete
2026-05-22 22:38:20 [main] INFO  traceId= spanId= c.g.j.s.GenAiJavaSpringApplication - Starting GenAiJavaSpringApplication using Java 25.0.1 with PID 14768 (C:\Users\shams\Downloads\Spring AI\Gen-AI Spring AI\gen-ai-java-spring\target\classes started by shams in C:\Users\shams\Downloads\Spring AI\Gen-AI Spring AI\gen-ai-java-spring)
2026-05-22 22:38:20 [main] INFO  traceId= spanId= c.g.j.s.GenAiJavaSpringApplication - No active profile set, falling back to 1 default profile: "default"
2026-05-22 22:38:21 [main] INFO  traceId= spanId= o.s.b.w.e.tomcat.TomcatWebServer - Tomcat initialized with port 8081 (http)
2026-05-22 22:38:21 [main] INFO  traceId= spanId= o.a.coyote.http11.Http11NioProtocol - Initializing ProtocolHandler ["http-nio-8081"]
2026-05-22 22:38:21 [main] INFO  traceId= spanId= o.a.catalina.core.StandardService - Starting service [Tomcat]
2026-05-22 22:38:21 [main] INFO  traceId= spanId= o.a.catalina.core.StandardEngine - Starting Servlet engine: [Apache Tomcat/10.1.54]
2026-05-22 22:38:22 [main] INFO  traceId= spanId= o.a.c.c.C.[Tomcat].[localhost].[/] - Initializing Spring embedded WebApplicationContext
2026-05-22 22:38:22 [main] INFO  traceId= spanId= o.s.b.w.s.c.ServletWebServerApplicationContext - Root WebApplicationContext: initialization completed in 1014 ms
2026-05-22 22:38:23 [main] INFO  traceId= spanId= o.a.coyote.http11.Http11NioProtocol - Starting ProtocolHandler ["http-nio-8081"]
2026-05-22 22:38:23 [main] INFO  traceId= spanId= o.s.b.w.e.tomcat.TomcatWebServer - Tomcat started on port 8081 (http) with context path '/'
2026-05-22 22:38:23 [main] INFO  traceId= spanId= c.g.j.s.GenAiJavaSpringApplication - Started GenAiJavaSpringApplication in 3.001 seconds (process running for 3.877)
2026-05-22 22:40:10 [http-nio-8081-exec-4] INFO  traceId= spanId= o.a.c.c.C.[Tomcat].[localhost].[/] - Initializing Spring DispatcherServlet 'dispatcherServlet'
2026-05-22 22:40:10 [http-nio-8081-exec-4] INFO  traceId= spanId= o.s.web.servlet.DispatcherServlet - Initializing Servlet 'dispatcherServlet'
2026-05-22 22:40:10 [http-nio-8081-exec-4] INFO  traceId= spanId= o.s.web.servlet.DispatcherServlet - Completed initialization in 1 ms
2026-05-22 22:55:39 [SpringApplicationShutdownHook] INFO  traceId= spanId= o.s.b.w.e.tomcat.GracefulShutdown - Commencing graceful shutdown. Waiting for active requests to complete
2026-05-22 22:55:39 [tomcat-shutdown] INFO  traceId= spanId= o.s.b.w.e.tomcat.GracefulShutdown - Graceful shutdown complete
2026-05-22 22:55:43 [main] INFO  traceId= spanId= c.g.j.s.GenAiJavaSpringApplication - Starting GenAiJavaSpringApplication using Java 25.0.1 with PID 7340 (C:\Users\shams\Downloads\Spring AI\Gen-AI Spring AI\gen-ai-java-spring\target\classes started by shams in C:\Users\shams\Downloads\Spring AI\Gen-AI Spring AI\gen-ai-java-spring)
2026-05-22 22:55:43 [main] INFO  traceId= spanId= c.g.j.s.GenAiJavaSpringApplication - No active profile set, falling back to 1 default profile: "default"
2026-05-22 22:55:44 [main] INFO  traceId= spanId= o.s.b.w.e.tomcat.TomcatWebServer - Tomcat initialized with port 8081 (http)
2026-05-22 22:55:44 [main] INFO  traceId= spanId= o.a.coyote.http11.Http11NioProtocol - Initializing ProtocolHandler ["http-nio-8081"]
2026-05-22 22:55:44 [main] INFO  traceId= spanId= o.a.catalina.core.StandardService - Starting service [Tomcat]
2026-05-22 22:55:44 [main] INFO  traceId= spanId= o.a.catalina.core.StandardEngine - Starting Servlet engine: [Apache Tomcat/10.1.54]
2026-05-22 22:55:44 [main] INFO  traceId= spanId= o.a.c.c.C.[Tomcat].[localhost].[/] - Initializing Spring embedded WebApplicationContext
2026-05-22 22:55:44 [main] INFO  traceId= spanId= o.s.b.w.s.c.ServletWebServerApplicationContext - Root WebApplicationContext: initialization completed in 828 ms
2026-05-22 22:55:45 [main] INFO  traceId= spanId= o.a.coyote.http11.Http11NioProtocol - Starting ProtocolHandler ["http-nio-8081"]
2026-05-22 22:55:45 [main] INFO  traceId= spanId= o.s.b.w.e.tomcat.TomcatWebServer - Tomcat started on port 8081 (http) with context path '/'
2026-05-22 22:55:45 [main] INFO  traceId= spanId= c.g.j.s.GenAiJavaSpringApplication - Started GenAiJavaSpringApplication in 2.168 seconds (process running for 2.92)
2026-05-22 22:56:03 [http-nio-8081-exec-4] INFO  traceId= spanId= o.a.c.c.C.[Tomcat].[localhost].[/] - Initializing Spring DispatcherServlet 'dispatcherServlet'
2026-05-22 22:56:03 [http-nio-8081-exec-4] INFO  traceId= spanId= o.s.web.servlet.DispatcherServlet - Initializing Servlet 'dispatcherServlet'
2026-05-22 22:56:03 [http-nio-8081-exec-4] INFO  traceId= spanId= o.s.web.servlet.DispatcherServlet - Completed initialization in 0 ms
2026-05-22 22:56:39 [SpringApplicationShutdownHook] INFO  traceId= spanId= o.s.b.w.e.tomcat.GracefulShutdown - Commencing graceful shutdown. Waiting for active requests to complete
2026-05-22 22:56:39 [tomcat-shutdown] INFO  traceId= spanId= o.s.b.w.e.tomcat.GracefulShutdown - Graceful shutdown complete
2026-05-22 22:56:43 [main] INFO  traceId= spanId= c.g.j.s.GenAiJavaSpringApplication - Starting GenAiJavaSpringApplication using Java 25.0.1 with PID 6972 (C:\Users\shams\Downloads\Spring AI\Gen-AI Spring AI\gen-ai-java-spring\target\classes started by shams in C:\Users\shams\Downloads\Spring AI\Gen-AI Spring AI\gen-ai-java-spring)
2026-05-22 22:56:43 [main] INFO  traceId= spanId= c.g.j.s.GenAiJavaSpringApplication - No active profile set, falling back to 1 default profile: "default"
2026-05-22 22:56:44 [main] INFO  traceId= spanId= o.s.b.w.e.tomcat.TomcatWebServer - Tomcat initialized with port 8081 (http)
2026-05-22 22:56:44 [main] INFO  traceId= spanId= o.a.coyote.http11.Http11NioProtocol - Initializing ProtocolHandler ["http-nio-8081"]
2026-05-22 22:56:44 [main] INFO  traceId= spanId= o.a.catalina.core.StandardService - Starting service [Tomcat]
2026-05-22 22:56:44 [main] INFO  traceId= spanId= o.a.catalina.core.StandardEngine - Starting Servlet engine: [Apache Tomcat/10.1.54]
2026-05-22 22:56:44 [main] INFO  traceId= spanId= o.a.c.c.C.[Tomcat].[localhost].[/] - Initializing Spring embedded WebApplicationContext
2026-05-22 22:56:44 [main] INFO  traceId= spanId= o.s.b.w.s.c.ServletWebServerApplicationContext - Root WebApplicationContext: initialization completed in 853 ms
2026-05-22 22:56:45 [main] INFO  traceId= spanId= o.a.coyote.http11.Http11NioProtocol - Starting ProtocolHandler ["http-nio-8081"]
2026-05-22 22:56:45 [main] INFO  traceId= spanId= o.s.b.w.e.tomcat.TomcatWebServer - Tomcat started on port 8081 (http) with context path '/'
2026-05-22 22:56:45 [main] INFO  traceId= spanId= c.g.j.s.GenAiJavaSpringApplication - Started GenAiJavaSpringApplication in 2.18 seconds (process running for 2.932)
2026-05-22 22:57:09 [http-nio-8081-exec-2] INFO  traceId= spanId= o.a.c.c.C.[Tomcat].[localhost].[/] - Initializing Spring DispatcherServlet 'dispatcherServlet'
2026-05-22 22:57:09 [http-nio-8081-exec-2] INFO  traceId= spanId= o.s.web.servlet.DispatcherServlet - Initializing Servlet 'dispatcherServlet'
2026-05-22 22:57:09 [http-nio-8081-exec-2] INFO  traceId= spanId= o.s.web.servlet.DispatcherServlet - Completed initialization in 0 ms
2026-05-22 23:00:35 [SpringApplicationShutdownHook] INFO  traceId= spanId= o.s.b.w.e.tomcat.GracefulShutdown - Commencing graceful shutdown. Waiting for active requests to complete
2026-05-22 23:00:35 [tomcat-shutdown] INFO  traceId= spanId= o.s.b.w.e.tomcat.GracefulShutdown - Graceful shutdown complete
2026-05-22 23:00:39 [main] INFO  traceId= spanId= c.g.j.s.GenAiJavaSpringApplication - Starting GenAiJavaSpringApplication using Java 25.0.1 with PID 3084 (C:\Users\shams\Downloads\Spring AI\Gen-AI Spring AI\gen-ai-java-spring\target\classes started by shams in C:\Users\shams\Downloads\Spring AI\Gen-AI Spring AI\gen-ai-java-spring)
2026-05-22 23:00:39 [main] INFO  traceId= spanId= c.g.j.s.GenAiJavaSpringApplication - No active profile set, falling back to 1 default profile: "default"
2026-05-22 23:00:40 [main] INFO  traceId= spanId= o.s.b.w.e.tomcat.TomcatWebServer - Tomcat initialized with port 8081 (http)
2026-05-22 23:00:40 [main] INFO  traceId= spanId= o.a.coyote.http11.Http11NioProtocol - Initializing ProtocolHandler ["http-nio-8081"]
2026-05-22 23:00:40 [main] INFO  traceId= spanId= o.a.catalina.core.StandardService - Starting service [Tomcat]
2026-05-22 23:00:40 [main] INFO  traceId= spanId= o.a.catalina.core.StandardEngine - Starting Servlet engine: [Apache Tomcat/10.1.54]
2026-05-22 23:00:40 [main] INFO  traceId= spanId= o.a.c.c.C.[Tomcat].[localhost].[/] - Initializing Spring embedded WebApplicationContext
2026-05-22 23:00:40 [main] INFO  traceId= spanId= o.s.b.w.s.c.ServletWebServerApplicationContext - Root WebApplicationContext: initialization completed in 822 ms
2026-05-22 23:00:40 [main] INFO  traceId= spanId= o.a.coyote.http11.Http11NioProtocol - Starting ProtocolHandler ["http-nio-8081"]
2026-05-22 23:00:40 [main] INFO  traceId= spanId= o.s.b.w.e.tomcat.TomcatWebServer - Tomcat started on port 8081 (http) with context path '/'
2026-05-22 23:00:40 [main] INFO  traceId= spanId= c.g.j.s.GenAiJavaSpringApplication - Started GenAiJavaSpringApplication in 2.106 seconds (process running for 2.818)
2026-05-22 23:01:20 [http-nio-8081-exec-1] INFO  traceId= spanId= o.a.c.c.C.[Tomcat].[localhost].[/] - Initializing Spring DispatcherServlet 'dispatcherServlet'
2026-05-22 23:01:20 [http-nio-8081-exec-1] INFO  traceId= spanId= o.s.web.servlet.DispatcherServlet - Initializing Servlet 'dispatcherServlet'
2026-05-22 23:01:20 [http-nio-8081-exec-1] INFO  traceId= spanId= o.s.web.servlet.DispatcherServlet - Completed initialization in 0 ms
2026-05-22 23:07:36 [SpringApplicationShutdownHook] INFO  traceId= spanId= o.s.b.w.e.tomcat.GracefulShutdown - Commencing graceful shutdown. Waiting for active requests to complete
2026-05-22 23:07:36 [tomcat-shutdown] INFO  traceId= spanId= o.s.b.w.e.tomcat.GracefulShutdown - Graceful shutdown complete
